[demos.creative-tim.com/bs3/paper-dashboard/dashboard.html]
[demos.creative-tim.com/bs3/paper-dashboard/assets/img/apple-icon.png]
[demos.creative-tim.com/bs3/paper-dashboard/assets/img/favicon.png]
[backblue.gif]
[fade.gif]
[index.html]
[demos.creative-tim.com/bs3/paper-dashboard/assets/css/bootstrap.min.css]
[demos.creative-tim.com/bs3/paper-dashboard/assets/css/animate.min.css]
[demos.creative-tim.com/bs3/paper-dashboard/assets/css/paper-dashboard.css]
[demos.creative-tim.com/bs3/paper-dashboard/assets/css/demo.css]
[maxcdn.bootstrapcdn.com/font-awesome/latest/css/font-awesome.min.css]
[demos.creative-tim.com/bs3/paper-dashboard/assets/css/themify-icons.css]
[demos.creative-tim.com/bs3/paper-dashboard/user.html]
[demos.creative-tim.com/bs3/paper-dashboard/table.html]
[demos.creative-tim.com/bs3/paper-dashboard/typography.html]
[demos.creative-tim.com/bs3/paper-dashboard/icons.html]
[demos.creative-tim.com/bs3/paper-dashboard/maps.html]
[demos.creative-tim.com/bs3/paper-dashboard/notifications.html]
[demos.creative-tim.com/bs3/paper-dashboard/upgrade.html]
[demos.creative-tim.com/bs3/paper-dashboard/assets/js/jquery.min.js]
[demos.creative-tim.com/bs3/paper-dashboard/assets/js/bootstrap.min.js]
[demos.creative-tim.com/bs3/paper-dashboard/assets/js/bootstrap-checkbox-radio.js]
[demos.creative-tim.com/bs3/paper-dashboard/assets/js/chartist.min.js]
[demos.creative-tim.com/bs3/paper-dashboard/assets/js/bootstrap-notify.js]
[demos.creative-tim.com/bs3/paper-dashboard/assets/js/paper-dashboard.js]
[demos.creative-tim.com/bs3/paper-dashboard/assets/js/demo.js]
[demos.creative-tim.com/bs3/paper-dashboard/assets/js/jquery.sharrre.js]
[demos.creative-tim.com/bs3/paper-dashboard/dashboard.html]
[connect.facebook.net/en_US/fbevents.js]
[demos.creative-tim.com/bs3/paper-dashboard/assets/fonts/glyphicons-halflings-regular.eot]
[demos.creative-tim.com/bs3/paper-dashboard/assets/fonts/glyphicons-halflings-regulard41d.eot]
[demos.creative-tim.com/bs3/paper-dashboard/assets/fonts/glyphicons-halflings-regular.woff2]
[demos.creative-tim.com/bs3/paper-dashboard/assets/fonts/glyphicons-halflings-regular.woff]
[demos.creative-tim.com/bs3/paper-dashboard/assets/fonts/glyphicons-halflings-regular.ttf]
[demos.creative-tim.com/bs3/paper-dashboard/assets/fonts/glyphicons-halflings-regular.svg]
[demos.creative-tim.com/bs3/paper-dashboard/assets/css/bootstrap.min.css]
[demos.creative-tim.com/bs3/paper-dashboard/assets/css/animate.min.css]
[demos.creative-tim.com/bs3/paper-dashboard/assets/css/paper-dashboard.css]
[demos.creative-tim.com/bs3/paper-dashboard/assets/css/demo.css]
[maxcdn.bootstrapcdn.com/font-awesome/latest/css/font-awesome.min.css]
[demos.creative-tim.com/bs3/paper-dashboard/assets/fonts/themify9f24.eot]
[demos.creative-tim.com/bs3/paper-dashboard/assets/fonts/themifyd41d.eot]
[demos.creative-tim.com/bs3/paper-dashboard/assets/fonts/themify9f24.woff]
[demos.creative-tim.com/bs3/paper-dashboard/assets/fonts/themify9f24.ttf]
[demos.creative-tim.com/bs3/paper-dashboard/assets/css/themify-icons.css]
[www.googletagmanager.com/gtm5445.html]
[demos.creative-tim.com/bs3/paper-dashboard/assets/fonts/themify9f24.svg]
[demos.creative-tim.com/bs3/paper-dashboard/assets/img/background.jpg]
[demos.creative-tim.com/bs3/paper-dashboard/assets/img/faces/face-2.jpg]
[demos.creative-tim.com/bs3/paper-dashboard/assets/img/faces/face-0.jpg]
[demos.creative-tim.com/bs3/paper-dashboard/assets/img/faces/face-1.jpg]
[demos.creative-tim.com/bs3/paper-dashboard/assets/img/faces/face-3.jpg]
[demos.creative-tim.com/bs3/paper-dashboard/user.html]
[demos.creative-tim.com/bs3/paper-dashboard/table.html]
[demos.creative-tim.com/bs3/paper-dashboard/typography.html]
[demos.creative-tim.com/bs3/paper-dashboard/icons.html]
[demos.creative-tim.com/bs3/paper-dashboard/maps.html]
[demos.creative-tim.com/bs3/paper-dashboard/notifications.html]
[demos.creative-tim.com/bs3/paper-dashboard/upgrade.html]
[demos.creative-tim.com/bs3/paper-dashboard/a]
[demos.creative-tim.com/bs3/paper-dashboard/POST]
[demos.creative-tim.com/bs3/paper-dashboard/b.resolvedLink]
[demos.creative-tim.com/bs3/paper-dashboard/schema.org/index.html]
[demos.creative-tim.com/signals/iwl.js]
[connect.facebook.net/en_US/fbevents.js]
[demos.creative-tim.com/bs3/paper-dashboard/assets/fonts/glyphicons-halflings-regular.html]
[demos.creative-tim.com/bs3/paper-dashboard/assets/fonts/glyphicons-halflings-regulard41d.html]
[demos.creative-tim.com/bs3/paper-dashboard/assets/fonts/glyphicons-halflings-regular-2.html]
[demos.creative-tim.com/bs3/paper-dashboard/assets/fonts/glyphicons-halflings-regular-3.html]
[demos.creative-tim.com/bs3/paper-dashboard/assets/fonts/glyphicons-halflings-regular-4.html]
[demos.creative-tim.com/bs3/paper-dashboard/assets/fonts/glyphicons-halflings-regular-5.html]
[demos.creative-tim.com/bs3/paper-dashboard/assets/fonts/themify9f24.svg]
[demos.creative-tim.com/bs3/paper-dashboard/a.html]
[demos.creative-tim.com/bs3/paper-dashboard/POST.html]
[demos.creative-tim.com/bs3/paper-dashboard/schema.org/index.html]
[demos.creative-tim.com/bs3/paper-dashboard/b.html]
[demos.creative-tim.com/signals/iwl.html]
